// Jest Snapshot v1, https://goo.gl/fbAQLP

exports[`useSwapiList hook snapshot 1`] = `
Object {
  "current": Array [
    Object {
      "canFetchMore": false,
      "config": Object {
        "cacheTime": 300000,
        "isDataEqual": [Function],
        "onError": [Function],
        "onMutate": [Function],
        "onSettled": [Function],
        "onSuccess": [Function],
        "queryFnParamsFilter": [Function],
        "queryKeySerializerFn": [Function],
        "refetchAllOnWindowFocus": true,
        "refetchInterval": false,
        "refetchOnMount": true,
        "retry": 3,
        "retryDelay": [Function],
        "staleTime": 0,
        "suspense": false,
        "throwOnError": false,
        "useErrorBoundary": undefined,
      },
      "data": undefined,
      "error": null,
      "failureCount": 0,
      "isFetching": true,
      "isStale": true,
      "latestData": undefined,
      "markedForGarbageCollection": false,
      "query": Object {
        "cache": Object {
          "_buildQuery": [Function],
          "cancelQueries": [Function],
          "clear": [Function],
          "getQueries": [Function],
          "getQuery": [Function],
          "getQueryData": [Function],
          "isFetching": 1,
          "prefetchQuery": [Function],
          "queries": Object {
            "[\\"promise0\\"]": [Circular],
          },
          "refetchQueries": [Function],
          "removeQueries": [Function],
          "setQueryData": [Function],
          "subscribe": [Function],
        },
        "cancel": [Function],
        "cancelPromises": [Function],
        "cancelled": null,
        "clear": [Function],
        "config": Object {
          "cacheTime": 300000,
          "isDataEqual": [Function],
          "onError": [Function],
          "onMutate": [Function],
          "onSettled": [Function],
          "onSuccess": [Function],
          "queryFnParamsFilter": [Function],
          "queryKeySerializerFn": [Function],
          "refetchAllOnWindowFocus": true,
          "refetchInterval": false,
          "refetchOnMount": true,
          "retry": 3,
          "retryDelay": [Function],
          "staleTime": 0,
          "suspense": false,
          "throwOnError": false,
          "useErrorBoundary": undefined,
        },
        "fetch": [Function],
        "heal": [Function],
        "instances": Array [
          Object {
            "id": 0,
            "onError": [Function],
            "onSettled": [Function],
            "onStateUpdate": [Function],
            "onSuccess": [Function],
          },
        ],
        "promise": Promise {},
        "queryFn": [Function],
        "queryHash": "[\\"promise0\\"]",
        "queryKey": Array [
          "promise0",
        ],
        "queryVariables": Array [],
        "scheduleGarbageCollection": [Function],
        "scheduleStaleTimeout": [Function],
        "setData": [Function],
        "setState": [Function],
        "state": Object {
          "canFetchMore": false,
          "data": undefined,
          "error": null,
          "failureCount": 0,
          "isFetching": true,
          "isStale": true,
          "markedForGarbageCollection": false,
          "status": "loading",
          "updatedAt": 0,
        },
        "subscribe": [Function],
        "suspenseInstance": Object {
          "onError": [Function],
          "onSettled": [Function],
          "onSuccess": [Function],
        },
        "updateInstance": [Function],
        "wasPrefetched": false,
        "wasSuspended": false,
      },
      "refetch": [Function],
      "resolvedData": undefined,
      "status": "loading",
      "updatedAt": 0,
    },
    Object {
      "activePage": 1,
      "nextPage": [Function],
      "prevPage": [Function],
    },
  ],
  "error": undefined,
}
`;
